// Jest Snapshot v1, https://goo.gl/fbAQLP

exports[`Renders ProductsNavbar Component Should return ProductsNavbar DOM 1`] = `
<div>
  <ul
    class="category"
  >
    <li>
      <a
        href="/shop"
      >
        Shop
      </a>
    </li>
    <li>
       / 
    </li>
    <li>
      <a
        href="/shop"
      >
        Category
      </a>
    </li>
  </ul>
</div>
`;
