// Jest Snapshot v1, https://goo.gl/fbAQLP

exports[`Renders Shop Component Should return Shop DOM 1`] = `
<div>
  <div
    class="shop"
  >
    <div
      class="navigation"
    >
      <ul
        class="category"
      >
        <li>
          <a
            href="/shop"
          >
            Shop
          </a>
        </li>
        <li>
           / 
        </li>
        <li>
          <a
            href="/shop"
          >
            Category
          </a>
        </li>
      </ul>
    </div>
  </div>
</div>
`;
