// Jest Snapshot v1, https://goo.gl/fbAQLP

exports[`Renders Shop Component Should return Navbar Component 1`] = `
<div>
  <div
    class="navigation"
  >
    <ul
      class="category"
    >
      <li>
        Home /
      </li>
      <li>
        Category /
      </li>
      <li>
        Top
      </li>
    </ul>
    <form
      class="search "
    >
      <div
        class="search-border"
      >
        <input
          placeholder="search..."
          type="search"
        />
      </div>
      <button
        type="submit"
      >
        <svg
          role="presentation"
          viewBox="0 0 24 24"
        >
          <path
            d="M9.5,3A6.5,6.5 0 0,1 16,9.5C16,11.11 15.41,12.59 14.44,13.73L14.71,14H15.5L20.5,19L19,20.5L14,15.5V14.71L13.73,14.44C12.59,15.41 11.11,16 9.5,16A6.5,6.5 0 0,1 3,9.5A6.5,6.5 0 0,1 9.5,3M9.5,5C7,5 5,7 5,9.5C5,12 7,14 9.5,14C12,14 14,12 14,9.5C14,7 12,5 9.5,5Z"
            style="fill: currentColor;"
          />
        </svg>
      </button>
    </form>
  </div>
</div>
`;
